Block (0, 16):
  BashAnd (0, 7):
    Call (0, 2):
      Name (0, 1)
    Call (5, 7):
      Name (5, 6)
  BashOr (8, 15):
    Call (8, 10):
      Name (8, 9)
    Call (13, 15):
      Name (13, 14)
